[36mvite v8.0.3 [32mbuilding client environment for production...[36m[39m
[2Ktransforming...✓ 2298 modules transformed.
\nSTDERR:\n[31m✗[39m Build failed in 237ms
[31merror during build:
[31mBuild failed with 1 error:

[plugin vite:css] C:/Users/jaide/Downloads/Business Reporting and Prediction AI/src/index.css:undefined:NaN
Error: [postcss] It looks like you're trying to use `tailwindcss` directly as a PostCSS plugin. The PostCSS plugin has moved to a separate package, so to continue using Tailwind CSS with PostCSS you'll need to install `@tailwindcss/postcss` and update your PostCSS configuration.
    at at (C:\Users\jaide\Downloads\Business Reporting and Prediction AI\node_modules\tailwindcss\dist\lib.js:38:1643)
    at LazyResult.runOnRoot (C:\Users\jaide\Downloads\Business Reporting and Prediction AI\node_modules\postcss\lib\lazy-result.js:361:16)
    at LazyResult.runAsync (C:\Users\jaide\Downloads\Business Reporting and Prediction AI\node_modules\postcss\lib\lazy-result.js:290:26)
    at async runPostCSS (file:///C:/Users/jaide/Downloads/Business%20Reporting%20and%20Prediction%20AI/node_modules/vite/dist/node/chunks/node.js:20945:19)
    at async compilePostCSS (file:///C:/Users/jaide/Downloads/Business%20Reporting%20and%20Prediction%20AI/node_modules/vite/dist/node/chunks/node.js:20929:6)
    at async compileCSS (file:///C:/Users/jaide/Downloads/Business%20Reporting%20and%20Prediction%20AI/node_modules/vite/dist/node/chunks/node.js:20859:26)
    at async TransformPluginContextImpl.handler (file:///C:/Users/jaide/Downloads/Business%20Reporting%20and%20Prediction%20AI/node_modules/vite/dist/node/chunks/node.js:20375:47)
    at async plugin (file:///C:/Users/jaide/Downloads/Business%20Reporting%20and%20Prediction%20AI/node_modules/rolldown/dist/shared/bindingify-input-options-e7ze4hPR.mjs:1129:16)
    at async plugin.<computed> (file:///C:/Users/jaide/Downloads/Business%20Reporting%20and%20Prediction%20AI/node_modules/rolldown/dist/shared/bindingify-input-options-e7ze4hPR.mjs:1593:12)[31m
    at aggregateBindingErrorsIntoJsError (file:///C:/Users/jaide/Downloads/Business%20Reporting%20and%20Prediction%20AI/node_modules/rolldown/dist/shared/error-BLhcSyeg.mjs:48:18)
    at unwrapBindingResult (file:///C:/Users/jaide/Downloads/Business%20Reporting%20and%20Prediction%20AI/node_modules/rolldown/dist/shared/error-BLhcSyeg.mjs:18:128)
    at #build (file:///C:/Users/jaide/Downloads/Business%20Reporting%20and%20Prediction%20AI/node_modules/rolldown/dist/shared/rolldown-build-CPrIX9V6.mjs:3313:34)
    at async buildEnvironment (file:///C:/Users/jaide/Downloads/Business%20Reporting%20and%20Prediction%20AI/node_modules/vite/dist/node/chunks/node.js:32849:64)
    at async Object.build (file:///C:/Users/jaide/Downloads/Business%20Reporting%20and%20Prediction%20AI/node_modules/vite/dist/node/chunks/node.js:33271:19)
    at async Object.buildApp (file:///C:/Users/jaide/Downloads/Business%20Reporting%20and%20Prediction%20AI/node_modules/vite/dist/node/chunks/node.js:33268:153)
    at async CAC.<anonymous> (file:///C:/Users/jaide/Downloads/Business%20Reporting%20and%20Prediction%20AI/node_modules/vite/dist/node/cli.js:778:3) {
  errors: [Getter/Setter]
}[39m
